// Jest Snapshot v1, https://goo.gl/fbAQLP

exports[`Button renders custom props 1`] = `
<button
  className="btn btn--regular btn--high-contrast btn--fluid space-box-medium"
  onClick={[Function]}
  type="button"
>
  Test
</button>
`;

exports[`Button renders defaultProps 1`] = `
<button
  className="btn btn--regular btn--high-contrast btn--fluid space-box-medium"
  onClick={[Function]}
  type="button"
>
  Test
</button>
`;
