// Jest Snapshot v1, https://goo.gl/fbAQLP

exports[`Checkbox render component 1`] = `
<ul
  required="true"
>
  <li
    className="form__check"
    htmlFor={6792}
  >
    <input
      className="form__input"
      defaultChecked={undefined}
      id={6792}
      name="nameTest"
      onChange={[Function]}
      title=""
      type="checkbox"
      value="Cozinhar"
    />
    <label
      htmlFor={6792}
    >
      Cozinhar
    </label>
  </li>
</ul>
`;
