// Jest Snapshot v1, https://goo.gl/fbAQLP

exports[`Form renders custom props 1`] = `
<section
  className="wall--inverted col-normal-8 col-small-12"
>
  <form
    action="http://uol.com.br"
    className="form container"
    method="POST"
    name="form"
    onSubmit={[Function]}
  >
    <fieldset
      className="form__container inputs"
      style={
        Object {
          "display": "block",
        }
      }
    >
      <div
        dangerouslySetInnerHTML={
          Object {
            "__html": "<h4 class='widget__title section-title--high-contrast'>Explique o que você precisa<small>Peça orçamento grátis, online!</small></h4>",
          }
        }
      />
      <div
        className="form__field form__field--fluid input"
      >
        <label
          className="form__label"
          htmlFor="1_id"
        >
          Qual é o tipo de serviço que você precisa?
        </label>
        <select
          className="form__input"
          defaultValue={7120}
          id="1_name_select"
          name="1_name_select"
          required="false"
        >
          <option
            value=""
          >
            Placeholder
          </option>
          <option
            value={7117}
          >
            Construção
          </option>
          <option
            value={7118}
          >
            Reformas
          </option>
          <option
            value={7119}
          >
            Instalações
          </option>
          <option
            value={7120}
          >
            Troca
          </option>
          <option
            value={7121}
          >
            Outros
          </option>
        </select>
        <span
          className="form__message form__message--invalid space-element-small error"
        >
          dsds
        </span>
      </div>
      <div
        className="form__field form__field--fluid input"
      >
        <label
          className="form__label"
          htmlFor="2_id"
        >
          Especifique melhor a metragem do serviço
        </label>
        <input
          className="form__input"
          id="2_name_text"
          name="2_name_text"
          onChange={[Function]}
          placeholder="Bora pra action"
          required="false"
          title=""
          value=""
        />
        <span
          className="form__message form__message--invalid space-element-small error"
        >
          dsds
        </span>
      </div>
      <div
        className="form__field form__field--fluid input"
      >
        <label
          className="form__label"
          htmlFor="3_id"
        >
          Informações adicionais
        </label>
        <textarea
          className="form__input"
          id="3_name_textarea"
          name="3_name_textarea"
          onChange={[Function]}
          placeholder="Descreva o que você precisa"
          required={false}
          title=""
          value=""
        />
        <span
          className="form__message form__message--invalid space-element-small error"
        >
          dsds
        </span>
      </div>
      <button
        className="btn btn--regular btn--high-contrast btn--fluid space-box-medium"
        onClick={[Function]}
        type="button"
      >
        Fazer um orçamento grátis
      </button>
    </fieldset>
    <fieldset
      className="form__container inputs"
      style={
        Object {
          "display": "none",
        }
      }
    >
      <div
        dangerouslySetInnerHTML={
          Object {
            "__html": "<div class='form__alert-message space-element-large'><img src='https://www.getninjas.com.br/assets/request/phone_call.svg' class='form__icon' alt='Estamos quase lá'><h2 class='form__info'>Estamos quase lá<small>Não perca tempo ligando para vários profissionais. Preencha os dados abaixo e <strong>nós encontraremos os melhores pra você!</strong></small></h2></div>",
          }
        }
      />
      <div
        className="form__field form__field--fluid input"
      >
        <label
          className="form__label"
          htmlFor="user_field_1"
        >
          Em que bairro será o serviço?
        </label>
        <input
          className="form__input"
          id="user_field_1"
          name="user_field_1"
          onChange={[Function]}
          placeholder=""
          required="false"
          title=""
          value=""
        />
        <span
          className="form__message form__message--invalid space-element-small error"
        >
          dsds
        </span>
      </div>
      <div
        className="form__field form__field--fluid input"
      >
        <label
          className="form__label"
          htmlFor="user_field_2"
        >
          Nome
        </label>
        <input
          className="form__input"
          id="user_field_2"
          name="user_field_2"
          onChange={[Function]}
          placeholder=""
          required="false"
          title=""
          value=""
        />
        <span
          className="form__message form__message--invalid space-element-small error"
        >
          dsds
        </span>
      </div>
      <div
        className="form__field form__field--fluid input"
      >
        <label
          className="form__label"
          htmlFor="user_field_3"
        >
          E-mail
        </label>
        <input
          className="form__input"
          id="user_field_3"
          name="user_field_3"
          onChange={[Function]}
          placeholder="Ex: nome@email.com"
          required="false"
          title=""
          value=""
        />
        <span
          className="form__message form__message--invalid space-element-small error"
        >
          dsds
        </span>
      </div>
      <div
        className="form__field form__field--fluid input"
      >
        <label
          className="form__label"
          htmlFor="user_field_4"
        >
          DDD + Celular
        </label>
        <input
          className="form__input"
          id="user_field_4"
          name="user_field_4"
          onChange={[Function]}
          placeholder=""
          required="false"
          title=""
          value=""
        />
        <span
          className="form__message form__message--invalid space-element-small error"
        >
          dsds
        </span>
      </div>
      <button
        className="btn btn--regular btn--high-contrast btn--fluid space-box-medium"
        onClick={[Function]}
        type="submit"
      >
        Finalizar
      </button>
    </fieldset>
  </form>
  <ol
    className="form__steps space-box-medium"
  >
    <li
      className="form__steps-item form__steps-item--active"
    >
      Seu pedido
    </li>
    <li
      className="form__steps-item "
    >
      Seus dados
    </li>
  </ol>
</section>
`;

exports[`Form renders defaultProps 1`] = `
<section
  className="wall--inverted col-normal-8 col-small-12"
>
  <form
    action="http://uol.com.br"
    className="form container"
    method="POST"
    name="form"
    onSubmit={[Function]}
  >
    <fieldset
      className="form__container inputs"
      style={
        Object {
          "display": "block",
        }
      }
    >
      <div
        dangerouslySetInnerHTML={
          Object {
            "__html": "<h4 class='widget__title section-title--high-contrast'>Explique o que você precisa<small>Peça orçamento grátis, online!</small></h4>",
          }
        }
      />
      <div
        className="form__field form__field--fluid input"
      >
        <label
          className="form__label"
          htmlFor="1_id"
        >
          Qual é o tipo de serviço que você precisa?
        </label>
        <select
          className="form__input"
          defaultValue={7120}
          id="1_name_select"
          name="1_name_select"
          required="false"
        >
          <option
            value=""
          >
            Placeholder
          </option>
          <option
            value={7117}
          >
            Construção
          </option>
          <option
            value={7118}
          >
            Reformas
          </option>
          <option
            value={7119}
          >
            Instalações
          </option>
          <option
            value={7120}
          >
            Troca
          </option>
          <option
            value={7121}
          >
            Outros
          </option>
        </select>
        <span
          className="form__message form__message--invalid space-element-small error"
        >
          dsds
        </span>
      </div>
      <div
        className="form__field form__field--fluid input"
      >
        <label
          className="form__label"
          htmlFor="2_id"
        >
          Especifique melhor a metragem do serviço
        </label>
        <input
          className="form__input"
          id="2_name_text"
          name="2_name_text"
          onChange={[Function]}
          placeholder="Bora pra action"
          required="false"
          title=""
          value=""
        />
        <span
          className="form__message form__message--invalid space-element-small error"
        >
          dsds
        </span>
      </div>
      <div
        className="form__field form__field--fluid input"
      >
        <label
          className="form__label"
          htmlFor="3_id"
        >
          Informações adicionais
        </label>
        <textarea
          className="form__input"
          id="3_name_textarea"
          name="3_name_textarea"
          onChange={[Function]}
          placeholder="Descreva o que você precisa"
          required={false}
          title=""
          value=""
        />
        <span
          className="form__message form__message--invalid space-element-small error"
        >
          dsds
        </span>
      </div>
      <button
        className="btn btn--regular btn--high-contrast btn--fluid space-box-medium"
        onClick={[Function]}
        type="button"
      >
        Fazer um orçamento grátis
      </button>
    </fieldset>
    <fieldset
      className="form__container inputs"
      style={
        Object {
          "display": "none",
        }
      }
    >
      <div
        dangerouslySetInnerHTML={
          Object {
            "__html": "<div class='form__alert-message space-element-large'><img src='https://www.getninjas.com.br/assets/request/phone_call.svg' class='form__icon' alt='Estamos quase lá'><h2 class='form__info'>Estamos quase lá<small>Não perca tempo ligando para vários profissionais. Preencha os dados abaixo e <strong>nós encontraremos os melhores pra você!</strong></small></h2></div>",
          }
        }
      />
      <div
        className="form__field form__field--fluid input"
      >
        <label
          className="form__label"
          htmlFor="user_field_1"
        >
          Em que bairro será o serviço?
        </label>
        <input
          className="form__input"
          id="user_field_1"
          name="user_field_1"
          onChange={[Function]}
          placeholder=""
          required="false"
          title=""
          value=""
        />
        <span
          className="form__message form__message--invalid space-element-small error"
        >
          dsds
        </span>
      </div>
      <div
        className="form__field form__field--fluid input"
      >
        <label
          className="form__label"
          htmlFor="user_field_2"
        >
          Nome
        </label>
        <input
          className="form__input"
          id="user_field_2"
          name="user_field_2"
          onChange={[Function]}
          placeholder=""
          required="false"
          title=""
          value=""
        />
        <span
          className="form__message form__message--invalid space-element-small error"
        >
          dsds
        </span>
      </div>
      <div
        className="form__field form__field--fluid input"
      >
        <label
          className="form__label"
          htmlFor="user_field_3"
        >
          E-mail
        </label>
        <input
          className="form__input"
          id="user_field_3"
          name="user_field_3"
          onChange={[Function]}
          placeholder="Ex: nome@email.com"
          required="false"
          title=""
          value=""
        />
        <span
          className="form__message form__message--invalid space-element-small error"
        >
          dsds
        </span>
      </div>
      <div
        className="form__field form__field--fluid input"
      >
        <label
          className="form__label"
          htmlFor="user_field_4"
        >
          DDD + Celular
        </label>
        <input
          className="form__input"
          id="user_field_4"
          name="user_field_4"
          onChange={[Function]}
          placeholder=""
          required="false"
          title=""
          value=""
        />
        <span
          className="form__message form__message--invalid space-element-small error"
        >
          dsds
        </span>
      </div>
      <button
        className="btn btn--regular btn--high-contrast btn--fluid space-box-medium"
        onClick={[Function]}
        type="submit"
      >
        Finalizar
      </button>
    </fieldset>
  </form>
  <ol
    className="form__steps space-box-medium"
  >
    <li
      className="form__steps-item form__steps-item--active"
    >
      Seu pedido
    </li>
    <li
      className="form__steps-item "
    >
      Seus dados
    </li>
  </ol>
</section>
`;
