// Jest Snapshot v1, https://goo.gl/fbAQLP

exports[`Form renders custom props 1`] = `
<form
  action=""
  method="POST"
  name="form"
>
  <input
    className="form__input"
    id="Qual é o tipo de serviço que você precisa?"
    name="Qual é o tipo de serviço que você precisa?"
    placeholder="Qual é o tipo de serviço que você precisa?"
    required={false}
    title="Qual é o tipo de serviço que você precisa?"
    value=""
  />
  <input
    className="form__input"
    id="Especifique melhor a metragem do serviço"
    name="Especifique melhor a metragem do serviço"
    placeholder="Bora pra action"
    required={false}
    title="Especifique melhor a metragem do serviço"
    value=""
  />
  <input
    className="form__input"
    id="Informações adicionais"
    name="Informações adicionais"
    placeholder="Descreva o que você precisa"
    required={false}
    title="Informações adicionais"
    value=""
  />
</form>
`;

exports[`Form renders defaultProps 1`] = `
<form
  action=""
  method="POST"
  name="form"
>
  <input
    className="form__input"
    id="Qual é o tipo de serviço que você precisa?"
    name="Qual é o tipo de serviço que você precisa?"
    placeholder="Qual é o tipo de serviço que você precisa?"
    required={false}
    title="Qual é o tipo de serviço que você precisa?"
    value=""
  />
  <input
    className="form__input"
    id="Especifique melhor a metragem do serviço"
    name="Especifique melhor a metragem do serviço"
    placeholder="Bora pra action"
    required={false}
    title="Especifique melhor a metragem do serviço"
    value=""
  />
  <input
    className="form__input"
    id="Informações adicionais"
    name="Informações adicionais"
    placeholder="Descreva o que você precisa"
    required={false}
    title="Informações adicionais"
    value=""
  />
</form>
`;
