// Jest Snapshot v1, https://goo.gl/fbAQLP

exports[`Form renders custom props 1`] = `
<form
  action=""
  method="POST"
  name="form"
>
  <select
    className="form__input"
    defaultValue={7120}
    id="1_name_select"
    name="1_name_select"
  >
    <option
      value={7117}
    >
      Construção
    </option>
    <option
      value={7118}
    >
      Reformas
    </option>
    <option
      value={7119}
    >
      Instalações
    </option>
    <option
      value={7120}
    >
      Troca
    </option>
    <option
      value={7121}
    >
      Outros
    </option>
  </select>
  <input
    className="form__input"
    id="2_name_text"
    name="2_name_text"
    placeholder="Bora pra action"
    required={false}
    title=""
    value=""
  />
  <textarea
    className="form__input"
    id="3_name_textarea"
    name="3_name_textarea"
    placeholder="Descreva o que você precisa"
    required={false}
    title=""
    value=""
  />
</form>
`;

exports[`Form renders defaultProps 1`] = `
<form
  action=""
  method="POST"
  name="form"
>
  <select
    className="form__input"
    defaultValue={7120}
    id="1_name_select"
    name="1_name_select"
  >
    <option
      value={7117}
    >
      Construção
    </option>
    <option
      value={7118}
    >
      Reformas
    </option>
    <option
      value={7119}
    >
      Instalações
    </option>
    <option
      value={7120}
    >
      Troca
    </option>
    <option
      value={7121}
    >
      Outros
    </option>
  </select>
  <input
    className="form__input"
    id="2_name_text"
    name="2_name_text"
    placeholder="Bora pra action"
    required={false}
    title=""
    value=""
  />
  <textarea
    className="form__input"
    id="3_name_textarea"
    name="3_name_textarea"
    placeholder="Descreva o que você precisa"
    required={false}
    title=""
    value=""
  />
</form>
`;
