// Jest Snapshot v1, https://goo.gl/fbAQLP

exports[`Input renders defaultProps 1`] = `
<input
  className="form__input"
  id="idTest"
  maxLength={255}
  minLength={1}
  name="nameTest"
  onBlur={[Function]}
  onChange={[Function]}
  placeholder="placeholderTest"
  required="false"
  title=""
  type="text"
  value=""
/>
`;
