// Jest Snapshot v1, https://goo.gl/fbAQLP

exports[`Select renders defaultProps 1`] = `
<select
  className="form__input"
  defaultValue=""
  id="idTest"
  name="nameTest"
  onBlur={[Function]}
  onChange={[Function]}
  required="false"
>
  <option
    value=""
  >
    placeholderTest
  </option>
  <option
    value={7117}
  >
    Construção
  </option>
  <option
    value={7118}
  >
    Reformas
  </option>
</select>
`;
