// Jest Snapshot v1, https://goo.gl/fbAQLP

exports[`Step renders with props 1`] = `
<fieldset
  className="form__container inputs"
  style={
    Object {
      "display": "block",
    }
  }
>
  <div
    className="form__field form__field--fluid input"
  >
    <label
      className="form__label"
      htmlFor="radio_input"
    >
      What's the service?
    </label>
    <ul>
      <li
        className="form__radio"
      >
        <input
          id={7890}
          name="1_name_radio"
          onBlur={[Function]}
          onChange={[Function]}
          required={true}
          type="radio"
          value={7890}
        />
        <label
          htmlFor={7890}
        >
          Category One
        </label>
      </li>
      <li
        className="form__radio"
      >
        <input
          id={7891}
          name="1_name_radio"
          onBlur={[Function]}
          onChange={[Function]}
          required={true}
          type="radio"
          value={7891}
        />
        <label
          htmlFor={7891}
        >
          Category Two
        </label>
      </li>
      <li
        className="form__radio"
      >
        <input
          id={7892}
          name="1_name_radio"
          onBlur={[Function]}
          onChange={[Function]}
          required={true}
          type="radio"
          value={7892}
        />
        <label
          htmlFor={7892}
        >
          Category Three
        </label>
      </li>
    </ul>
    <span
      className="form__message form__message--invalid space-element-small error"
    >
      
    </span>
  </div>
  <button
    className="btn btn--regular btn--high-contrast btn--fluid space-box-medium"
    onClick={[Function]}
    type="button"
  >
    next step
  </button>
</fieldset>
`;
