// Jest Snapshot v1, https://goo.gl/fbAQLP

exports[`Step renders with props 1`] = `
<fieldset
  className="form__container inputs"
  style={
    Object {
      "display": "block",
    }
  }
>
  
  <div
    className="form__field form__field--fluid input"
  >
    <label
      className="form__label"
      htmlFor="1_id"
    >
      Qual é o tipo de serviço que você precisa?
    </label>
    <select
      className="form__input"
      defaultValue={null}
      id="formNameTest-1_id"
      name="1_name_select"
      onChange={[Function]}
      required="true"
    >
      <option
        value=""
      >
        Placeholder
      </option>
      <option
        value={7117}
      >
        Construção
      </option>
      <option
        value={7118}
      >
        Reformas
      </option>
      <option
        value={7119}
      >
        Instalações
      </option>
      <option
        value={7120}
      >
        Troca
      </option>
      <option
        value={7121}
      >
        Outros
      </option>
    </select>
    <span
      className="form__message form__message--invalid space-element-small error"
    >
      
    </span>
  </div>
  <div
    className="form__field form__field--fluid input"
  >
    <label
      className="form__label"
      htmlFor="2_id"
    >
      Especifique melhor a metragem do serviço
    </label>
    <input
      className="form__input"
      id="formNameTest-2_id"
      maxLength={255}
      minLength={3}
      name="2_name_text"
      onChange={[Function]}
      placeholder="Bora pra action"
      required="true"
      title=""
      type="text"
      value=""
    />
    <span
      className="form__message form__message--invalid space-element-small error"
    >
      
    </span>
  </div>
  <div
    className="form__field form__field--fluid input"
  >
    <label
      className="form__label"
      htmlFor="3_id"
    >
      Informações adicionais
    </label>
    <textarea
      className="form__input"
      id="formNameTest-3_id"
      maxLength={255}
      minLength={3}
      name="3_name_textarea"
      onChange={[Function]}
      placeholder="Descreva o que você precisa"
      required={true}
      title=""
      value=""
    />
    <span
      className="form__message form__message--invalid space-element-small error"
    >
      
    </span>
  </div>
  <div
    className="form__field form__field--fluid input"
  >
    <label
      className="form__label"
      htmlFor="4_id"
    >
      Zipcode
    </label>
    <a
      className="form__label-link"
      href="http://www.buscacep.correios.com.br"
      rel="noopener noreferrer"
      target="_blank"
    >
      Não lembra seu CEP?
    </a>
    <input
      className="form__input form__input--filled"
      id="4_id"
      name="4_zipcode"
      onKeyUp={[Function]}
      placeholder="00000-000"
      required={true}
      type="tel"
    />
    <span
      className="full-address"
    >
      
    </span>
    <input
      id="street"
      name="street"
      type="hidden"
      value=""
    />
    <input
      id="neighborhood"
      name="neighborhood"
      type="hidden"
      value=""
    />
    <input
      id="city"
      name="city"
      type="hidden"
      value=""
    />
    <input
      id="uf"
      name="uf"
      type="hidden"
      value=""
    />
    <span
      className="form__message form__message--invalid space-element-small error"
    >
      Required field
    </span>
  </div>
  <button
    className="btn btn--regular btn--high-contrast btn--fluid space-box-medium"
    onClick={[Function]}
    type="button"
  >
    next step
  </button>
</fieldset>
`;
